#!/bin/bash

HP 840 G3@KADIB20 MINGW64 ~
$ ssh 36137020358b@36137020358b.8d11e533.alx-cod.online
36137020358b@36137020358b.8d11e533.alx-cod.online's password:
root@36137020358b:/# cd /root
root@36137020358b:~# ls
0x01_emacs  alx-low_level_programming      printf             so_cool
0x02_emacs  alx-system_engineering-devops  private
0x02_vi     alx-zero_day                   school
0x03_vi     new_school                     school_is_amazing
root@36137020358b:~# cd  alx-system_engineering-devops
root@36137020358b:~/alx-system_engineering-devops# cd 0x02-shell_redirections
root@36137020358b:~/alx-system_engineering-devops/0x02-shell_redirections# cat 1-confused_smiley
#!/bin/bash
echo "\"(Ôo)'"
root@36137020358b:~/alx-system_engineering-devops/0x02-shell_redirections# cdmod u+x 1-confused_smiley
bash: cdmod: command not found
root@36137020358b:~/alx-system_engineering-devops/0x02-shell_redirections# chmod u+x 1-confused_smiley
root@36137020358b:~/alx-system_engineering-devops/0x02-shell_redirections# cat > 2-hellofile
#!/bin/bash
cat /etc/passwd
root@36137020358b:~/alx-system_engineering-devops/0x02-shell_redirections# chmod u+x 2-hellofile
root@36137020358b:~/alx-system_engineering-devops/0x02-shell_redirections# cat > 3-twofiles
#!/bin/bash
cat /etc/passwd /etc/hosts
root@36137020358b:~/alx-system_engineering-devops/0x02-shell_redirections# chmod u+x 3-twofiles
root@36137020358b:~/alx-system_engineering-devops/0x02-shell_redirections# cat > 4-lastlines
#!/bin/bash
tail -n 10 /etc/passwd
root@36137020358b:~/alx-system_engineering-devops/0x02-shell_redirections# chmod u+x 4-lastlines
root@36137020358b:~/alx-system_engineering-devops/0x02-shell_redirections# cat > 5-firstlines
#!/bin/bash
head -n 10 /etc/passwd
root@36137020358b:~/alx-system_engineering-devops/0x02-shell_redirections# chmod u+x 5-firstlines
root@36137020358b:~/alx-system_engineering-devops/0x02-shell_redirections# cat > 6-third_line
#!/bin/bash
head -3 iacta | tail -1
root@36137020358b:~/alx-system_engineering-devops/0x02-shell_redirections# chmod client_loop: send disconnect: Connection reset by peer

HP 840 G3@KADIB20 MINGW64 ~
$ ssh 36137020358b@36137020358b.8d11e533.alx-cod.online
36137020358b@36137020358b.8d11e533.alx-cod.online's password:
root@36137020358b:/# cd .
root@36137020358b:/# cd ..
root@36137020358b:/# cd ~
root@36137020358b:~# cd alx-system_engineering-devops/0x02-shell_redirections
root@36137020358b:~/alx-system_engineering-devops/0x02-shell_redirections# chmod u+x 6-third_line
root@36137020358b:~/alx-system_engineering-devops/0x02-shell_redirections# cat > 7-file
#!/bin/bash
echo "Best School" > '\*\\'\''"Best School"\'\''\\*$\?\*\*\*\*\*:)'
root@36137020358b:~/alx-system_engineering-devops/0x02-shell_redirections# chmod u+x 7-file
root@36137020358b:~/alx-system_engineering-devops/0x02-shell_redirections# cat > 8-cwd_state
#!/bin/bash
ls -la > ls_cwd_content
root@36137020358b:~/alx-system_engineering-devops/0x02-shell_redirections# chmod u+x 8-cwd_state
root@36137020358b:~/alx-system_engineering-devops/0x02-shell_redirections# cat > 9-duplicate_last_line
#!/bin/ash
tail -1 iacta >> iacta
root@36137020358b:~/alx-system_engineering-devops/0x02-shell_redirections# chmod u+x 9-duplicate_last_line
root@36137020358b:~/alx-system_engineering-devops/0x02-shell_redirections# cat > 10-no_more_js
#!/bin/bash
find -name "*.js" -type f -delete
root@36137020358b:~/alx-system_engineering-devops/0x02-shell_redirections# chmod u+x 10-no_more_js
root@36137020358b:~/alx-system_engineering-devops/0x02-shell_redirections# git add .
root@36137020358b:~/alx-system_engineering-devops/0x02-shell_redirections# git commit -m 'shell redirections commit'
[master 123aa9f] shell redirections commit
 10 files changed, 20 insertions(+)
 create mode 100755 0x02-shell_redirections/1-confused_smiley
 create mode 100755 0x02-shell_redirections/10-no_more_js
 create mode 100755 0x02-shell_redirections/2-hellofile
 create mode 100755 0x02-shell_redirections/3-twofiles
 create mode 100755 0x02-shell_redirections/4-lastlines
 create mode 100755 0x02-shell_redirections/5-firstlines
 create mode 100755 0x02-shell_redirections/6-third_line
 create mode 100755 0x02-shell_redirections/7-file
 create mode 100755 0x02-shell_redirections/8-cwd_state
 create mode 100755 0x02-shell_redirections/9-duplicate_last_line
root@36137020358b:~/alx-system_engineering-devops/0x02-shell_redirections# git push
Username for 'https://github.com': Kadib-20
Password for 'https://Kadib-20@github.com':
Enumerating objects: 15, done.
Counting objects: 100% (15/15), done.
Delta compression using up to 2 threads
Compressing objects: 100% (4/4), done.
Writing objects: 100% (13/13), 1.12 KiB | 1.12 MiB/s, done.
Total 13 (delta 1), reused 0 (delta 0)
remote: Resolving deltas: 100% (1/1), completed with 1 local object.
To https://github.com/Kadib20/alx-system_engineering-devops.git
   eaec514..123aa9f  master -> master
root@36137020358b:~/alx-system_engineering-devops/0x02-shell_redirections# cat > 11-directories
#!/bin/bash
find -mindepth 1 -type d | wc -l
root@36137020358b:~/alx-system_engineering-devops/0x02-shell_redirections# chmod u+x 11-directories
root@36137020358b:~/alx-system_engineering-devops/0x02-shell_redirections# cat > 12-newest_files
#!/bin/bash
ls -t | head -10
root@36137020358b:~/alx-system_engineering-devops/0x02-shell_redirections# chmod u+x 12-newest_files
root@36137020358b:~/alx-system_engineering-devops/0x02-shell_redirections# cat > #!/bin/bash
bash: syntax error near unexpected token `newline'
root@36137020358b:~/alx-system_engineering-devops/0x02-shell_redirections# cat > 13-unique
#!/bin/bash
sort |uniq -u
root@36137020358b:~/alx-system_engineering-devops/0x02-shell_redirections# chmod u+x 13-unique
root@36137020358b:~/alx-system_engineering-devops/0x02-shell_redirections# cat > 14-findthatword
#!/bin/bash
grep root /etc/passwd
root@36137020358b:~/alx-system_engineering-devops/0x02-shell_redirections# chmod u+x 14-findthatword
root@36137020358b:~/alx-system_engineering-devops/0x02-shell_redirections# #!/bin/bash
root@36137020358b:~/alx-system_engineering-devops/0x02-shell_redirections#
root@36137020358b:~/alx-system_engineering-devops/0x02-shell_redirections# cat > 15-countthatword
#!/bin/bash

HP 840 G3@KADIB20 MINGW64 ~
$ ssh 36137020358b@36137020358b.8d11e533.alx-cod.online
36137020358b@36137020358b.8d11e533.alx-cod.online's password:
root@36137020358b:/# cd /root
root@36137020358b:~# ls
0x01_emacs  alx-low_level_programming      printf             so_cool
0x02_emacs  alx-system_engineering-devops  private
0x02_vi     alx-zero_day                   school
0x03_vi     new_school                     school_is_amazing
root@36137020358b:~# cd  alx-system_engineering-devops
root@36137020358b:~/alx-system_engineering-devops# cd 0x02-shell_redirections
root@36137020358b:~/alx-system_engineering-devops/0x02-shell_redirections# cat 1-confused_smiley
#!/bin/bash
echo "\"(Ôo)'"
root@36137020358b:~/alx-system_engineering-devops/0x02-shell_redirections# cdmod u+x 1-confused_smiley
bash: cdmod: command not found
root@36137020358b:~/alx-system_engineering-devops/0x02-shell_redirections# chmod u+x 1-confused_smiley
root@36137020358b:~/alx-system_engineering-devops/0x02-shell_redirections# cat > 2-hellofile
#!/bin/bash
cat /etc/passwd
root@36137020358b:~/alx-system_engineering-devops/0x02-shell_redirections# chmod u+x 2-hellofile
root@36137020358b:~/alx-system_engineering-devops/0x02-shell_redirections# cat > 3-twofiles
#!/bin/bash
cat /etc/passwd /etc/hosts
root@36137020358b:~/alx-system_engineering-devops/0x02-shell_redirections# chmod u+x 3-twofiles
root@36137020358b:~/alx-system_engineering-devops/0x02-shell_redirections# cat > 4-lastlines
#!/bin/bash
tail -n 10 /etc/passwd
root@36137020358b:~/alx-system_engineering-devops/0x02-shell_redirections# chmod u+x 4-lastlines
root@36137020358b:~/alx-system_engineering-devops/0x02-shell_redirections# cat > 5-firstlines
#!/bin/bash
head -n 10 /etc/passwd
root@36137020358b:~/alx-system_engineering-devops/0x02-shell_redirections# chmod u+x 5-firstlines
root@36137020358b:~/alx-system_engineering-devops/0x02-shell_redirections# cat > 6-third_line
#!/bin/bash
head -3 iacta | tail -1
root@36137020358b:~/alx-system_engineering-devops/0x02-shell_redirections# chmod client_loop: send disconnect: Connection reset by peer

HP 840 G3@KADIB20 MINGW64 ~
$ ssh 36137020358b@36137020358b.8d11e533.alx-cod.online
36137020358b@36137020358b.8d11e533.alx-cod.online's password:
root@36137020358b:/# cd .
root@36137020358b:/# cd ..
root@36137020358b:/# cd ~
root@36137020358b:~# cd alx-system_engineering-devops/0x02-shell_redirections
root@36137020358b:~/alx-system_engineering-devops/0x02-shell_redirections# chmod u+x 6-third_line
root@36137020358b:~/alx-system_engineering-devops/0x02-shell_redirections# cat > 7-file
#!/bin/bash
echo "Best School" > '\*\\'\''"Best School"\'\''\\*$\?\*\*\*\*\*:)'
root@36137020358b:~/alx-system_engineering-devops/0x02-shell_redirections# chmod u+x 7-file
root@36137020358b:~/alx-system_engineering-devops/0x02-shell_redirections# cat > 8-cwd_state
#!/bin/bash
ls -la > ls_cwd_content
root@36137020358b:~/alx-system_engineering-devops/0x02-shell_redirections# chmod u+x 8-cwd_state
root@36137020358b:~/alx-system_engineering-devops/0x02-shell_redirections# cat > 9-duplicate_last_line
#!/bin/ash
tail -1 iacta >> iacta
root@36137020358b:~/alx-system_engineering-devops/0x02-shell_redirections# chmod u+x 9-duplicate_last_line
root@36137020358b:~/alx-system_engineering-devops/0x02-shell_redirections# cat > 10-no_more_js
#!/bin/bash
find -name "*.js" -type f -delete
root@36137020358b:~/alx-system_engineering-devops/0x02-shell_redirections# chmod u+x 10-no_more_js
root@36137020358b:~/alx-system_engineering-devops/0x02-shell_redirections# git add .
root@36137020358b:~/alx-system_engineering-devops/0x02-shell_redirections# git commit -m 'shell redirections commit'
[master 123aa9f] shell redirections commit
 10 files changed, 20 insertions(+)
 create mode 100755 0x02-shell_redirections/1-confused_smiley
 create mode 100755 0x02-shell_redirections/10-no_more_js
 create mode 100755 0x02-shell_redirections/2-hellofile
 create mode 100755 0x02-shell_redirections/3-twofiles
 create mode 100755 0x02-shell_redirections/4-lastlines
 create mode 100755 0x02-shell_redirections/5-firstlines
 create mode 100755 0x02-shell_redirections/6-third_line
 create mode 100755 0x02-shell_redirections/7-file
 create mode 100755 0x02-shell_redirections/8-cwd_state
 create mode 100755 0x02-shell_redirections/9-duplicate_last_line
root@36137020358b:~/alx-system_engineering-devops/0x02-shell_redirections# git push
Username for 'https://github.com': Kadib-20
Password for 'https://Kadib-20@github.com':
Enumerating objects: 15, done.
Counting objects: 100% (15/15), done.
Delta compression using up to 2 threads
Compressing objects: 100% (4/4), done.
Writing objects: 100% (13/13), 1.12 KiB | 1.12 MiB/s, done.
Total 13 (delta 1), reused 0 (delta 0)
remote: Resolving deltas: 100% (1/1), completed with 1 local object.
To https://github.com/Kadib20/alx-system_engineering-devops.git
   eaec514..123aa9f  master -> master
root@36137020358b:~/alx-system_engineering-devops/0x02-shell_redirections# cat > 11-directories
#!/bin/bash
find -mindepth 1 -type d | wc -l
root@36137020358b:~/alx-system_engineering-devops/0x02-shell_redirections# chmod u+x 11-directories
root@36137020358b:~/alx-system_engineering-devops/0x02-shell_redirections# cat > 12-newest_files
#!/bin/bash
ls -t | head -10
root@36137020358b:~/alx-system_engineering-devops/0x02-shell_redirections# chmod u+x 12-newest_files
root@36137020358b:~/alx-system_engineering-devops/0x02-shell_redirections# cat > #!/bin/bash
bash: syntax error near unexpected token `newline'
root@36137020358b:~/alx-system_engineering-devops/0x02-shell_redirections# cat > 13-unique
#!/bin/bash
sort |uniq -u
root@36137020358b:~/alx-system_engineering-devops/0x02-shell_redirections# chmod u+x 13-unique
root@36137020358b:~/alx-system_engineering-devops/0x02-shell_redirections# cat > 14-findthatword
#!/bin/bash
grep root /etc/passwd
root@36137020358b:~/alx-system_engineering-devops/0x02-shell_redirections# chmod u+x 14-findthatword
root@36137020358b:~/alx-system_engineering-devops/0x02-shell_redirections# #!/bin/bash
root@36137020358b:~/alx-system_engineering-devops/0x02-shell_redirections#
root@36137020358b:~/alx-system_engineering-devops/0x02-shell_redirections# cat > 15-countthatword
#!/bin/bash
grep -c bin /etc/passwd
